16
3 1 12 15 14 11 7 16 5 2 10 13 6 9 8 4
2 5 6 14 10 1 9 15 8 4 7 11 13 3 16 12
10 8 16 7 4 6 5 13 14 3 12 9 11 1 2 15
11 4 13 9 2 3 8 12 16 6 1 15 5 10 7 14
7 2 15 4 9 5 13 14 1 16 3 12 10 11 6 8
16 9 11 5 3 7 12 4 10 8 14 6 1 13 15 2
8 14 3 1 6 10 2 11 15 7 13 4 12 16 9 5
12 13 10 6 8 16 15 1 9 11 2 5 14 7 4 3
14 16 2 8 5 4 11 10 3 13 15 1 9 6 12 7
9 15 7 11 1 12 14 2 6 10 5 8 3 4 13 16
5 12 4 3 15 13 16 6 7 9 11 14 2 8 10 1
13 6 1 10 7 9 3 8 2 12 4 16 15 14 5 11
15 3 14 2 16 8 10 5 13 1 6 7 4 12 11 9
6 11 8 12 13 15 1 7 4 5 9 3 16 2 14 10
1 7 5 13 12 2 4 9 11 14 16 10 8 15 3 6
4 10 9 16 11 14 6 3 12 15 8 2 7 5 1 13
