9
1 9 8 2 3 5 4 6 7
7 6 3 1 9 4 2 8 5
5 2 4 8 6 7 1 3 9
9 3 6 7 5 2 8 1 4
2 4 7 3 1 8 5 9 6
8 5 1 6 4 9 7 2 3
3 7 5 9 2 1 6 4 8
4 1 9 5 8 6 3 7 2
6 8 2 4 7 3 9 5 1
